[2026-05-17T21:23:16.663] [DEBUG] debug-file - env: nodejsVersion=v18.20.1
[2026-05-17T21:23:17.010] [DEBUG] debug-file - Hvigor init with startParameters:{
  hvigorfileTypeCheck: false,
  parallelExecution: true,
  incrementalExecution: true,
  printStackTrace: false,
  daemon: false,
  analyze: 0,
  logLevel: Level { level: 20000, levelStr: 'INFO', colour: 'green' },
  optimizationStrategy: 'memory',
  hotCompile: undefined,
  hotReloadBuild: undefined,
  customizedParam: undefined
}
[2026-05-17T21:23:18.826] [DEBUG] debug-file - hvigorfile, require result:  { default: { system: [Function: appTasks], plugins: [] } }
[2026-05-17T21:23:18.828] [DEBUG] debug-file - Starting plugin build process
[2026-05-17T21:23:18.950] [DEBUG] debug-file - App plugin register hook start...
[2026-05-17T21:23:18.969] [DEBUG] debug-file - Start recording SDK configuration permission data.
[2026-05-17T21:23:18.952] [DEBUG] debug-file - Start initialize project's product build option map with build mode debug.
[2026-05-17T21:23:18.956] [DEBUG] debug-file - Obtain build option for product 'default'in this build.
[2026-05-17T21:23:19.001] [DEBUG] debug-file - Project task initialization takes 7 ms 
[2026-05-17T21:23:19.009] [DEBUG] debug-file - failed to load cangjie to dynamically generate schemas: Error: Cannot find module '@ohos/cangjie-build-support/index'
Require stack:
- D:\devecostudio-windows-6.0.2.650\DevEco Studio\tools\hvigor\hvigor-ohos-plugin\src\plugin\hooks\cangjie-register.js
- D:\devecostudio-windows-6.0.2.650\DevEco Studio\tools\hvigor\hvigor-ohos-plugin\src\plugin\strategy\stage-init-strategy.js
- D:\devecostudio-windows-6.0.2.650\DevEco Studio\tools\hvigor\hvigor-ohos-plugin\src\plugin\builder\abstract-plugin-builder.js
- D:\devecostudio-windows-6.0.2.650\DevEco Studio\tools\hvigor\hvigor-ohos-plugin\src\plugin\builder\app-plugin-builder.js
- D:\devecostudio-windows-6.0.2.650\DevEco Studio\tools\hvigor\hvigor-ohos-plugin\src\plugin\factory\plugin-factory.js
- D:\devecostudio-windows-6.0.2.650\DevEco Studio\tools\hvigor\hvigor-ohos-plugin\index.js
- C:\task\preview-kit-samplecode-clientdemo-arkts-master\hvigorfile.ts
- D:\devecostudio-windows-6.0.2.650\DevEco Studio\tools\hvigor\hvigor\src\base\internal\lifecycle\configuration.js
- D:\devecostudio-windows-6.0.2.650\DevEco Studio\tools\hvigor\hvigor\src\base\boot\index.js
- D:\devecostudio-windows-6.0.2.650\DevEco Studio\tools\hvigor\hvigor\src\cli\main\cli.js
- D:\devecostudio-windows-6.0.2.650\DevEco Studio\tools\hvigor\hvigor\bin\hvigor.js
[2026-05-17T21:23:19.022] [DEBUG] debug-file - Start initialize module-target build option map, moduleName=entry, buildMode=debug
[2026-05-17T21:23:19.029] [DEBUG] debug-file - project has submodules:entry
[2026-05-17T21:23:16.664] [DEBUG] debug-file - env: hvigor-config.json5 content = {
  modelVersion: '5.0.0',
  dependencies: {},
  execution: {},
  logging: {},
  debugging: {},
  nodeOptions: {}
}
[2026-05-17T21:23:19.031] [DEBUG] debug-file - start to load updatedOhPackageInfo to the disk
[2026-05-17T21:23:17.010] [DEBUG] debug-file - Since current hvigor version 6.22.4 differs from last hvigor version 
      undefined, delete file-cache.json and task-cache.json.
[2026-05-17T21:23:19.054] [DEBUG] debug-file - entry : clean cost memory 0.35555267333984375
[2026-05-17T21:23:19.045] [DEBUG] debug-file - Start to initialize dependency information.
[2026-05-17T21:23:19.074] [DEBUG] debug-file - Create  resident worker with id: 0.
[2026-05-17T21:23:18.827] [DEBUG] debug-file - hvigorfile, binding system plugins [Function: appTasks]
[2026-05-17T21:23:18.829] [DEBUG] debug-file - App plugin prepare start...
[2026-05-17T21:23:18.950] [DEBUG] debug-file - App plugin register hook end...
[2026-05-17T21:23:18.993] [DEBUG] debug-file - Sdk init in 31 ms 
[2026-05-17T21:23:18.952] [DEBUG] debug-file - Picking option from product 'default' with build mode 'debug'.
[2026-05-17T21:23:19.001] [DEBUG] debug-file - hvigorfile, binding custom plugins []
[2026-05-17T21:23:18.957] [DEBUG] debug-file - not found resModel json file in : C:\task\preview-kit-samplecode-clientdemo-arkts-master\entry\src\ohosTest\module.json5
[2026-05-17T21:23:19.023] [DEBUG] debug-file - Target 'default' config initialized
[2026-05-17T21:23:16.665] [DEBUG] debug-file - env: daemon=false
[2026-05-17T21:23:19.036] [DEBUG] debug-file - load to the disk finished
[2026-05-17T21:23:17.011] [DEBUG] debug-file - Cache service initialization finished in 1 ms 
[2026-05-17T21:23:19.054] [DEBUG] debug-file - runTaskFromQueue task cost before running: 2 s 53 ms 
[2026-05-17T21:23:19.048] [DEBUG] debug-file - Module entry Collected Dependency: 
[2026-05-17T21:23:19.075] [DEBUG] debug-file - Create  resident worker with id: 1.
[2026-05-17T21:23:18.829] [DEBUG] debug-file - App plugin prepare end...
[2026-05-17T21:23:18.951] [DEBUG] debug-file - Plugin build process completed
[2026-05-17T21:23:18.952] [DEBUG] debug-file - Product 'default' build option initialized
[2026-05-17T21:23:19.001] [DEBUG] debug-file - hvigorfile, no custom plugins were found in C:\task\preview-kit-samplecode-clientdemo-arkts-master\hvigorfile.ts
[2026-05-17T21:23:18.961] [DEBUG] debug-file - No signingConfig found, initRemoteHspCache failed.
[2026-05-17T21:23:19.023] [DEBUG] debug-file - Target 'ohosTest' config initialized
[2026-05-17T21:23:16.666] [DEBUG] debug-file - no-daemon, use the parent process.execArgv --max-old-space-size=8192,--max-semi-space-size=16,--expose-gc
[2026-05-17T21:23:19.037] [DEBUG] debug-file - Start to initialize dependency information.
[2026-05-17T21:23:17.012] [DEBUG] debug-file - hvigorfile, resolving C:\task\preview-kit-samplecode-clientdemo-arkts-master\hvigorfile.ts
[2026-05-17T21:23:19.055] [INFO] debug-file - Finished :entry:clean... after 2 ms 
[2026-05-17T21:23:19.048] [DEBUG] debug-file - Module entry's total dependency: 0
[2026-05-17T21:23:19.077] [DEBUG] debug-file - Current worker pool is stopped or closed.
[2026-05-17T21:23:18.829] [DEBUG] debug-file - App plugin creating...
[2026-05-17T21:23:18.952] [DEBUG] debug-file - End initialize project's product build option map with build mode 'debug'.
[2026-05-17T21:23:19.001] [DEBUG] debug-file - hvigorfile, resolve finished C:\task\preview-kit-samplecode-clientdemo-arkts-master\hvigorfile.ts
[2026-05-17T21:23:18.963] [DEBUG] debug-file - Local scan or download HarmonyOS sdk components toolchains,ets,js,native,previewer
[2026-05-17T21:23:19.023] [DEBUG] debug-file - Module 'entry' target 'default' build option initialized
[2026-05-17T21:23:19.043] [DEBUG] debug-file - Module preview-kit-samplecode-clientdemo-arkts-master Collected Dependency: 
[2026-05-17T21:23:19.055] [DEBUG] debug-file - Executing task ::clean
[2026-05-17T21:23:19.050] [DEBUG] debug-file - Configuration phase cost:2 s 40 ms 
[2026-05-17T21:23:19.077] [DEBUG] debug-file - Clear worker 0.
[2026-05-17T21:23:19.023] [DEBUG] debug-file - Module 'entry' target 'ohosTest' build option initialized
[2026-05-17T21:23:18.965] [DEBUG] debug-file - Local scan or download hmscore sdk components toolchains,ets,native
[2026-05-17T21:23:19.002] [DEBUG] debug-file - hvigorfile, resolving C:\task\preview-kit-samplecode-clientdemo-arkts-master\entry\hvigorfile.ts
[2026-05-17T21:23:19.055] [DEBUG] debug-file - clean: Worker pool is inactive.
[2026-05-17T21:23:19.043] [DEBUG] debug-file - Module preview-kit-samplecode-clientdemo-arkts-master's total dependency: 0
[2026-05-17T21:23:19.077] [DEBUG] debug-file - Worker 0 has been cleared.
[2026-05-17T21:23:19.052] [DEBUG] debug-file - Configuration task cost before running: 2 s 50 ms 
[2026-05-17T21:23:19.023] [DEBUG] debug-file - End initialize module-target build option map, moduleName=entry
[2026-05-17T21:23:19.007] [DEBUG] debug-file - hvigorfile, require result:  { default: { system: [Function: hapTasks], plugins: [] } }
[2026-05-17T21:23:19.055] [DEBUG] debug-file - preview-kit-samplecode-clientdemo-arkts-master : clean cost memory 0.01996612548828125
[2026-05-17T21:23:19.077] [DEBUG] debug-file - Current idle worker size: 1.
[2026-05-17T21:23:19.052] [DEBUG] debug-file - Executing task :entry:clean
[2026-05-17T21:23:19.023] [DEBUG] debug-file - Start initialize module-target build option map, moduleName=entry, buildMode=release
[2026-05-17T21:23:19.007] [DEBUG] debug-file - hvigorfile, binding system plugins [Function: hapTasks]
[2026-05-17T21:23:19.055] [DEBUG] debug-file - runTaskFromQueue task cost before running: 2 s 54 ms 
[2026-05-17T21:23:19.077] [DEBUG] debug-file - Current busy worker size: 0.
[2026-05-17T21:23:19.052] [DEBUG] debug-file - clean: Worker pool is inactive.
[2026-05-17T21:23:19.055] [INFO] debug-file - Finished ::clean... after 1 ms 
[2026-05-17T21:23:19.007] [DEBUG] debug-file - Starting plugin build process
[2026-05-17T21:23:19.023] [DEBUG] debug-file - Target 'default' config initialized
[2026-05-17T21:23:19.077] [DEBUG] debug-file - Clear worker 1.
[2026-05-17T21:23:19.055] [DEBUG] debug-file - Executing task :entry:init
[2026-05-17T21:23:19.007] [DEBUG] debug-file - Hap plugin creating...
[2026-05-17T21:23:19.024] [DEBUG] debug-file - Target 'ohosTest' config initialized
[2026-05-17T21:23:19.077] [DEBUG] debug-file - Worker 1 has been cleared.
[2026-05-17T21:23:19.055] [DEBUG] debug-file - entry : init cost memory 0.01265716552734375
[2026-05-17T21:23:19.024] [DEBUG] debug-file - Module 'entry' target 'default' build option initialized
[2026-05-17T21:23:19.077] [DEBUG] debug-file - Current idle worker size: 0.
[2026-05-17T21:23:19.055] [DEBUG] debug-file - runTaskFromQueue task cost before running: 2 s 54 ms 
[2026-05-17T21:23:19.024] [DEBUG] debug-file - Module 'entry' target 'ohosTest' build option initialized
[2026-05-17T21:23:19.077] [DEBUG] debug-file - Current busy worker size: 0.
[2026-05-17T21:23:19.056] [INFO] debug-file - Finished :entry:init... after 1 ms 
[2026-05-17T21:23:19.024] [DEBUG] debug-file - End initialize module-target build option map, moduleName=entry
[2026-05-17T21:23:19.078] [DEBUG] debug-file - hvigor build process will be closed.
[2026-05-17T21:23:19.056] [DEBUG] debug-file - Executing task ::init
[2026-05-17T21:23:19.024] [DEBUG] debug-file - Start initialize module-target build option map, moduleName=entry, buildMode=debug
[2026-05-17T21:23:19.080] [DEBUG] debug-file - worker[0] exits with exit code 0.
[2026-05-17T21:23:19.056] [DEBUG] debug-file - preview-kit-samplecode-clientdemo-arkts-master : init cost memory 0.01143646240234375
[2026-05-17T21:23:19.024] [DEBUG] debug-file - Target 'default' config initialized
[2026-05-17T21:23:19.082] [DEBUG] debug-file - worker[1] exits with exit code 0.
[2026-05-17T21:23:19.056] [DEBUG] debug-file - runTaskFromQueue task cost before running: 2 s 55 ms 
[2026-05-17T21:23:19.024] [DEBUG] debug-file - Target 'ohosTest' config initialized
[2026-05-17T21:23:19.082] [DEBUG] debug-file - Current worker pool is terminated.
[2026-05-17T21:23:19.056] [INFO] debug-file - Finished ::init... after 1 ms 
[2026-05-17T21:23:19.024] [DEBUG] debug-file - Module 'entry' target 'default' build option initialized
[2026-05-17T21:23:19.065] [DEBUG] debug-file - Obtain build option for module 'entry' target 'default'in this build.
[2026-05-17T21:23:19.024] [DEBUG] debug-file - Module 'entry' target 'ohosTest' build option initialized
[2026-05-17T21:23:19.065] [DEBUG] debug-file - Obtain build option for module 'entry' target 'ohosTest'in this build.
[2026-05-17T21:23:19.024] [DEBUG] debug-file - End initialize module-target build option map, moduleName=entry
[2026-05-17T21:23:19.071] [DEBUG] debug-file - Since there is no instance or instance is terminated, create a new worker pool.
[2026-05-17T21:23:19.024] [DEBUG] debug-file - Obtain build option for module 'entry' target 'default'in this build.
[2026-05-17T21:23:19.071] [DEBUG] debug-file - Worker pool is initialized with config:  {
  minPoolNum: 2,
  maxPoolNum: undefined,
  maxCoreSize: undefined,
  cacheCapacity: undefined,
  cacheTtl: undefined
}
[2026-05-17T21:23:19.027] [DEBUG] debug-file - Module entry task initialization takes 3 ms 
[2026-05-17T21:23:19.028] [DEBUG] debug-file - Hap plugin register hook start...
[2026-05-17T21:23:19.028] [DEBUG] debug-file - Hap plugin register hook end...
[2026-05-17T21:23:19.028] [DEBUG] debug-file - Plugin build process completed
[2026-05-17T21:23:19.028] [DEBUG] debug-file - hvigorfile, binding custom plugins []
[2026-05-17T21:23:19.028] [DEBUG] debug-file - hvigorfile, no custom plugins were found in C:\task\preview-kit-samplecode-clientdemo-arkts-master\entry\hvigorfile.ts
[2026-05-17T21:23:19.028] [DEBUG] debug-file - hvigorfile, resolve finished C:\task\preview-kit-samplecode-clientdemo-arkts-master\entry\hvigorfile.ts
[2026-05-17T21:24:35.868] [DEBUG] debug-file - env: nodejsVersion=v18.20.1
[2026-05-17T21:24:35.933] [DEBUG] debug-file - env: daemon=true
[2026-05-17T21:24:35.869] [DEBUG] debug-file - env: hvigor-config.json5 content = {
  modelVersion: '5.0.0',
  dependencies: {},
  execution: {},
  logging: {},
  debugging: {},
  nodeOptions: {}
}
[2026-05-17T21:24:36.739] [DEBUG] debug-file - java daemon tryConnect failed Error: connect ECONNREFUSED 127.0.0.1:45050
[2026-05-17T21:24:36.746] [DEBUG] debug-file - java daemon started at port 45050 pid 35856
[2026-05-17T21:24:36.769] [DEBUG] debug-file - session manager: set active socket. socketId=GmbS7bYQk4V3h0t_AAAB
[2026-05-17T21:24:37.539] [DEBUG] debug-file - watch worker: worker id should be larger than 0. Nothing will be sent to any worker thread.
[2026-05-17T21:24:37.544] [DEBUG] debug-file - Since there is no instance or instance is terminated, create a new worker pool.
[2026-05-17T21:24:37.545] [DEBUG] debug-file - Worker pool is initialized with config:  {
  minPoolNum: 2,
  maxPoolNum: undefined,
  maxCoreSize: undefined,
  cacheCapacity: undefined,
  cacheTtl: undefined
}
[2026-05-17T21:24:37.546] [DEBUG] debug-file - Create  resident worker with id: 0.
[2026-05-17T21:24:37.547] [DEBUG] debug-file - Create  resident worker with id: 1.
[2026-05-17T21:24:37.549] [DEBUG] debug-file - Workers' log level updated to INFO
[2026-05-17T21:24:37.555] [DEBUG] debug-file - Hvigor init with startParameters:{
  hvigorfileTypeCheck: false,
  parallelExecution: true,
  incrementalExecution: true,
  printStackTrace: false,
  daemon: true,
  analyze: 0,
  logLevel: Level { level: 20000, levelStr: 'INFO', colour: 'green' },
  optimizationStrategy: 'memory',
  hotCompile: undefined,
  hotReloadBuild: undefined,
  customizedParam: undefined
}
[2026-05-17T21:24:37.557] [DEBUG] debug-file - Cache service initialization finished in 1 ms 
[2026-05-17T21:24:37.558] [DEBUG] debug-file - hvigorfile, resolving C:\task\preview-kit-samplecode-clientdemo-arkts-master\hvigorfile.ts
[2026-05-17T21:24:40.373] [DEBUG] debug-file - hvigorfile, require result:  { default: { plugins: [] } }
[2026-05-17T21:24:40.373] [DEBUG] debug-file - hvigorfile, binding system plugins null
[2026-05-17T21:24:40.373] [DEBUG] debug-file - Starting plugin build process
[2026-05-17T21:24:40.373] [DEBUG] debug-file - App plugin prepare start...
[2026-05-17T21:24:40.374] [DEBUG] debug-file - App plugin prepare end...
[2026-05-17T21:24:40.374] [DEBUG] debug-file - App plugin creating...
[2026-05-17T21:24:40.551] [DEBUG] debug-file - App plugin register hook start...
[2026-05-17T21:24:40.551] [DEBUG] debug-file - App plugin register hook end...
[2026-05-17T21:24:40.551] [DEBUG] debug-file - Plugin build process completed
[2026-05-17T21:24:40.552] [DEBUG] debug-file - Start initialize project's product build option map with build mode debug.
[2026-05-17T21:24:40.553] [DEBUG] debug-file - Picking option from product 'default' with build mode 'debug'.
[2026-05-17T21:24:40.553] [DEBUG] debug-file - Product 'default' build option initialized
[2026-05-17T21:24:40.553] [DEBUG] debug-file - End initialize project's product build option map with build mode 'debug'.
[2026-05-17T21:24:40.556] [DEBUG] debug-file - Obtain build option for product 'default'in this build.
[2026-05-17T21:24:40.558] [DEBUG] debug-file - not found resModel json file in : C:\task\preview-kit-samplecode-clientdemo-arkts-master\entry\src\ohosTest\module.json5
[2026-05-17T21:24:40.565] [DEBUG] debug-file - No signingConfig found, initRemoteHspCache failed.
[2026-05-17T21:24:40.568] [DEBUG] debug-file - Local scan or download HarmonyOS sdk components toolchains,ets,js,native,previewer
[2026-05-17T21:24:40.571] [DEBUG] debug-file - Local scan or download hmscore sdk components toolchains,ets,native
[2026-05-17T21:24:40.573] [DEBUG] debug-file - Start recording SDK configuration permission data.
[2026-05-17T21:24:40.604] [DEBUG] debug-file - Sdk init in 38 ms 
[2026-05-17T21:24:40.612] [DEBUG] debug-file - Project task initialization takes 6 ms 
[2026-05-17T21:24:40.612] [DEBUG] debug-file - hvigorfile, binding custom plugins []
[2026-05-17T21:24:40.612] [DEBUG] debug-file - hvigorfile, no custom plugins were found in C:\task\preview-kit-samplecode-clientdemo-arkts-master\hvigorfile.ts
[2026-05-17T21:24:40.612] [DEBUG] debug-file - hvigorfile, resolve finished C:\task\preview-kit-samplecode-clientdemo-arkts-master\hvigorfile.ts
[2026-05-17T21:24:40.613] [DEBUG] debug-file - hvigorfile, resolving C:\task\preview-kit-samplecode-clientdemo-arkts-master\entry\hvigorfile.ts
[2026-05-17T21:24:40.623] [DEBUG] debug-file - hvigorfile, require result:  { default: { plugins: [] } }
[2026-05-17T21:24:40.623] [DEBUG] debug-file - hvigorfile, binding system plugins null
[2026-05-17T21:24:40.624] [DEBUG] debug-file - Starting plugin build process
[2026-05-17T21:24:40.624] [DEBUG] debug-file - Hap plugin creating...
[2026-05-17T21:24:40.628] [DEBUG] debug-file - failed to load cangjie to dynamically generate schemas: Error: Cannot find module '@ohos/cangjie-build-support/index'
Require stack:
- D:\devecostudio-windows-6.0.2.650\DevEco Studio\tools\hvigor\hvigor-ohos-plugin\src\plugin\hooks\cangjie-register.js
- D:\devecostudio-windows-6.0.2.650\DevEco Studio\tools\hvigor\hvigor-ohos-plugin\src\plugin\strategy\stage-init-strategy.js
- D:\devecostudio-windows-6.0.2.650\DevEco Studio\tools\hvigor\hvigor-ohos-plugin\src\plugin\builder\abstract-plugin-builder.js
- D:\devecostudio-windows-6.0.2.650\DevEco Studio\tools\hvigor\hvigor-ohos-plugin\src\plugin\builder\app-plugin-builder.js
- D:\devecostudio-windows-6.0.2.650\DevEco Studio\tools\hvigor\hvigor-ohos-plugin\src\plugin\factory\plugin-factory.js
- D:\devecostudio-windows-6.0.2.650\DevEco Studio\tools\hvigor\hvigor-ohos-plugin\index.js
- C:\task\preview-kit-samplecode-clientdemo-arkts-master\hvigorfile.ts
- D:\devecostudio-windows-6.0.2.650\DevEco Studio\tools\hvigor\hvigor\src\base\internal\lifecycle\configuration.js
- D:\devecostudio-windows-6.0.2.650\DevEco Studio\tools\hvigor\hvigor\src\base\boot\index.js
- D:\devecostudio-windows-6.0.2.650\DevEco Studio\tools\hvigor\hvigor\src\base\daemon\cluster\worker-process-lifecycle.js
- D:\devecostudio-windows-6.0.2.650\DevEco Studio\tools\hvigor\hvigor\src\base\daemon\process\daemon-process-boot-script.js
[2026-05-17T21:24:40.645] [DEBUG] debug-file - Start initialize module-target build option map, moduleName=entry, buildMode=debug
[2026-05-17T21:24:40.645] [DEBUG] debug-file - Target 'default' config initialized
[2026-05-17T21:24:40.646] [DEBUG] debug-file - Target 'ohosTest' config initialized
[2026-05-17T21:24:40.646] [DEBUG] debug-file - Module 'entry' target 'default' build option initialized
[2026-05-17T21:24:40.646] [DEBUG] debug-file - Module 'entry' target 'ohosTest' build option initialized
[2026-05-17T21:24:40.646] [DEBUG] debug-file - End initialize module-target build option map, moduleName=entry
[2026-05-17T21:24:40.646] [DEBUG] debug-file - Start initialize module-target build option map, moduleName=entry, buildMode=release
[2026-05-17T21:24:40.646] [DEBUG] debug-file - Target 'default' config initialized
[2026-05-17T21:24:40.647] [DEBUG] debug-file - Target 'ohosTest' config initialized
[2026-05-17T21:24:40.647] [DEBUG] debug-file - Module 'entry' target 'default' build option initialized
[2026-05-17T21:24:40.647] [DEBUG] debug-file - Module 'entry' target 'ohosTest' build option initialized
[2026-05-17T21:24:40.647] [DEBUG] debug-file - End initialize module-target build option map, moduleName=entry
[2026-05-17T21:24:40.647] [DEBUG] debug-file - Start initialize module-target build option map, moduleName=entry, buildMode=debug
[2026-05-17T21:24:40.647] [DEBUG] debug-file - Target 'default' config initialized
[2026-05-17T21:24:40.648] [DEBUG] debug-file - Target 'ohosTest' config initialized
[2026-05-17T21:24:40.648] [DEBUG] debug-file - Module 'entry' target 'default' build option initialized
[2026-05-17T21:24:40.648] [DEBUG] debug-file - Module 'entry' target 'ohosTest' build option initialized
[2026-05-17T21:24:40.648] [DEBUG] debug-file - End initialize module-target build option map, moduleName=entry
[2026-05-17T21:24:40.648] [DEBUG] debug-file - Obtain build option for module 'entry' target 'default'in this build.
[2026-05-17T21:24:40.658] [DEBUG] debug-file - Module entry task initialization takes 8 ms 
[2026-05-17T21:24:40.658] [DEBUG] debug-file - Hap plugin register hook start...
[2026-05-17T21:24:40.659] [DEBUG] debug-file - Hap plugin register hook end...
[2026-05-17T21:24:40.659] [DEBUG] debug-file - Plugin build process completed
[2026-05-17T21:24:40.659] [DEBUG] debug-file - hvigorfile, binding custom plugins []
[2026-05-17T21:24:40.659] [DEBUG] debug-file - hvigorfile, no custom plugins were found in C:\task\preview-kit-samplecode-clientdemo-arkts-master\entry\hvigorfile.ts
[2026-05-17T21:24:40.659] [DEBUG] debug-file - hvigorfile, resolve finished C:\task\preview-kit-samplecode-clientdemo-arkts-master\entry\hvigorfile.ts
[2026-05-17T21:24:40.681] [DEBUG] debug-file - hvigorfile, resolve hvigorfile dependencies in 21 ms 
[2026-05-17T21:24:40.681] [DEBUG] debug-file - project has submodules:entry
[2026-05-17T21:24:40.685] [DEBUG] debug-file - start to load updatedOhPackageInfo to the disk
[2026-05-17T21:24:40.694] [DEBUG] debug-file - load to the disk finished
[2026-05-17T21:24:40.696] [DEBUG] debug-file - Start to initialize dependency information.
[2026-05-17T21:24:40.706] [DEBUG] debug-file - Module preview-kit-samplecode-clientdemo-arkts-master Collected Dependency: 
[2026-05-17T21:24:40.706] [DEBUG] debug-file - Module preview-kit-samplecode-clientdemo-arkts-master's total dependency: 0
[2026-05-17T21:24:40.707] [DEBUG] debug-file - Start to initialize dependency information.
[2026-05-17T21:24:40.713] [DEBUG] debug-file - Module entry Collected Dependency: 
[2026-05-17T21:24:40.713] [DEBUG] debug-file - Module entry's total dependency: 0
[2026-05-17T21:24:40.719] [DEBUG] debug-file - Configuration phase cost:3 s 162 ms 
[2026-05-17T21:24:40.722] [DEBUG] debug-file - Configuration task cost before running: 3 s 173 ms 
[2026-05-17T21:24:40.732] [DEBUG] debug-file - Executing task :entry:default@PreBuild
[2026-05-17T21:24:40.733] [WARN] debug-file - The project has not explicitly set the 'targetSdkVersion' version at build-profile.json5. It is recommended to configure it. Reference: https://developer.huawei.com/consumer/cn/doc/harmonyos-guides/ide-hvigor-build-profile-app#section45865492619
[2026-05-17T21:24:40.735] [DEBUG] debug-file - Task 'entry:default@PreBuild' cost while wrapping incremental declarations: 1 ms 
[2026-05-17T21:24:40.861] [DEBUG] debug-file - current product is not Atomic service.
[2026-05-17T21:24:40.862] [DEBUG] debug-file - Use tool [win32: JAVA_HOME, CLASSPATH]
 [
  {
    JAVA_HOME: 'D:\\devecostudio-windows-6.0.2.650\\DevEco Studio\\jbr'
  },
  { CLASSPATH: undefined }
]
[2026-05-17T21:24:40.862] [DEBUG] debug-file - Use tool [win32: NODE_HOME]
 [
  {
    NODE_HOME: 'D:\\devecostudio-windows-6.0.2.650\\DevEco Studio\\tools\\node'
  }
]
[2026-05-17T21:24:40.862] [DEBUG] debug-file - entry : default@PreBuild cost memory 5.261192321777344
[2026-05-17T21:24:40.862] [DEBUG] debug-file - runTaskFromQueue task cost before running: 3 s 313 ms 
[2026-05-17T21:24:40.866] [INFO] debug-file - Finished :entry:default@PreBuild... after 131 ms 
[2026-05-17T21:24:40.868] [DEBUG] debug-file - Executing task :entry:default@CreateModuleInfo
[2026-05-17T21:24:40.868] [DEBUG] debug-file - Task 'entry:default@CreateModuleInfo' cost while wrapping incremental declarations: 1 ms 
[2026-05-17T21:24:40.868] [DEBUG] debug-file - entry : default@CreateModuleInfo cost memory 0.04253387451171875
[2026-05-17T21:24:40.869] [DEBUG] debug-file - runTaskFromQueue task cost before running: 3 s 319 ms 
[2026-05-17T21:24:40.869] [INFO] debug-file - Finished :entry:default@CreateModuleInfo... after 2 ms 
[2026-05-17T21:24:40.870] [DEBUG] debug-file - Executing task :entry:default@GenerateMetadata
[2026-05-17T21:24:40.871] [DEBUG] debug-file - Task 'entry:default@GenerateMetadata' cost while wrapping incremental declarations: 1 ms 
[2026-05-17T21:24:40.874] [DEBUG] debug-file - entry : default@GenerateMetadata cost memory 0.2345428466796875
[2026-05-17T21:24:40.874] [DEBUG] debug-file - runTaskFromQueue task cost before running: 3 s 325 ms 
[2026-05-17T21:24:40.874] [INFO] debug-file - Finished :entry:default@GenerateMetadata... after 5 ms 
[2026-05-17T21:24:40.876] [DEBUG] debug-file - Executing task :entry:default@ConfigureCmake
[2026-05-17T21:24:40.876] [DEBUG] debug-file - entry : default@ConfigureCmake cost memory 0.014495849609375
[2026-05-17T21:24:40.876] [DEBUG] debug-file - runTaskFromQueue task cost before running: 3 s 327 ms 
[2026-05-17T21:24:40.876] [INFO] debug-file - Finished :entry:default@ConfigureCmake... after 1 ms 
[2026-05-17T21:24:40.878] [DEBUG] debug-file - Executing task :entry:default@MergeProfile
[2026-05-17T21:24:40.878] [DEBUG] debug-file - Task 'entry:default@MergeProfile' cost while wrapping incremental declarations: 1 ms 
[2026-05-17T21:24:40.879] [DEBUG] debug-file - Change app api release type with 'Release'
[2026-05-17T21:24:40.879] [DEBUG] debug-file - Change app compile API version with '6.0.2.130'
[2026-05-17T21:24:40.879] [DEBUG] debug-file - Change app target API version with '60002022'
[2026-05-17T21:24:40.879] [DEBUG] debug-file - Change app minimum API version with '50000012'
[2026-05-17T21:24:40.879] [DEBUG] debug-file - Use cli appEnvironment
[2026-05-17T21:24:40.882] [DEBUG] debug-file - entry : default@MergeProfile cost memory 0.14687347412109375
[2026-05-17T21:24:40.882] [DEBUG] debug-file - runTaskFromQueue task cost before running: 3 s 333 ms 
[2026-05-17T21:24:40.883] [INFO] debug-file - Finished :entry:default@MergeProfile... after 5 ms 
[2026-05-17T21:24:40.884] [DEBUG] debug-file - Executing task :entry:default@CreateBuildProfile
[2026-05-17T21:24:40.885] [DEBUG] debug-file - Task 'entry:default@CreateBuildProfile' cost while wrapping incremental declarations: 1 ms 
[2026-05-17T21:24:40.887] [DEBUG] debug-file - entry : default@CreateBuildProfile cost memory 0.0661163330078125
[2026-05-17T21:24:40.887] [DEBUG] debug-file - runTaskFromQueue task cost before running: 3 s 338 ms 
[2026-05-17T21:24:40.887] [INFO] debug-file - Finished :entry:default@CreateBuildProfile... after 4 ms 
[2026-05-17T21:24:40.889] [DEBUG] debug-file - Executing task :entry:default@PreCheckSyscap
[2026-05-17T21:24:40.889] [DEBUG] debug-file - entry : default@PreCheckSyscap cost memory 0.01471710205078125
[2026-05-17T21:24:40.889] [DEBUG] debug-file - runTaskFromQueue task cost before running: 3 s 340 ms 
[2026-05-17T21:24:40.889] [INFO] debug-file - Finished :entry:default@PreCheckSyscap... after 1 ms 
[2026-05-17T21:24:40.891] [DEBUG] debug-file - Executing task :entry:default@GeneratePkgContextInfo
[2026-05-17T21:24:40.897] [DEBUG] debug-file - Task 'entry:default@GeneratePkgContextInfo' cost while wrapping incremental declarations: 1 ms 
[2026-05-17T21:24:40.897] [DEBUG] debug-file - entry : default@GeneratePkgContextInfo cost memory 0.19000244140625
[2026-05-17T21:24:40.897] [DEBUG] debug-file - runTaskFromQueue task cost before running: 3 s 348 ms 
[2026-05-17T21:24:40.897] [INFO] debug-file - Finished :entry:default@GeneratePkgContextInfo... after 7 ms 
[2026-05-17T21:24:40.903] [DEBUG] debug-file - Executing task :entry:default@ProcessIntegratedHsp
[2026-05-17T21:24:40.904] [DEBUG] debug-file - entry : default@ProcessIntegratedHsp cost memory 0.02886199951171875
[2026-05-17T21:24:40.904] [DEBUG] debug-file - runTaskFromQueue task cost before running: 3 s 355 ms 
[2026-05-17T21:24:40.904] [INFO] debug-file - Finished :entry:default@ProcessIntegratedHsp... after 2 ms 
[2026-05-17T21:24:40.906] [DEBUG] debug-file - Executing task :entry:default@BuildNativeWithCmake
[2026-05-17T21:24:40.906] [DEBUG] debug-file - entry : default@BuildNativeWithCmake cost memory 0.014862060546875
[2026-05-17T21:24:40.906] [DEBUG] debug-file - runTaskFromQueue task cost before running: 3 s 357 ms 
[2026-05-17T21:24:40.907] [INFO] debug-file - Finished :entry:default@BuildNativeWithCmake... after 1 ms 
[2026-05-17T21:24:40.908] [DEBUG] debug-file - Executing task :entry:default@MakePackInfo
[2026-05-17T21:24:40.909] [DEBUG] debug-file - Module Pack Info:  {
  summary: {
    app: { bundleName: 'c***o', bundleType: 'app', version: [Object] },
    modules: [ [Object] ]
  },
  packages: [
    {
      deviceType: [Array],
      moduleType: 'entry',
      deliveryWithInstall: true,
      name: 'entry-default'
    }
  ]
}
[2026-05-17T21:24:40.910] [DEBUG] debug-file - entry : default@MakePackInfo cost memory 0.09569549560546875
[2026-05-17T21:24:40.911] [DEBUG] debug-file - runTaskFromQueue task cost before running: 3 s 361 ms 
[2026-05-17T21:24:40.911] [INFO] debug-file - Finished :entry:default@MakePackInfo... after 3 ms 
[2026-05-17T21:24:40.913] [DEBUG] debug-file - Executing task :entry:default@SyscapTransform
[2026-05-17T21:24:40.913] [DEBUG] debug-file - File: 'C:\task\preview-kit-samplecode-clientdemo-arkts-master\entry\src\main\syscap.json' from 'sysCapJsonPath' is not exists, just ignore.
[2026-05-17T21:24:40.914] [DEBUG] debug-file - Task 'entry:default@SyscapTransform' cost while wrapping incremental declarations: 1 ms 
[2026-05-17T21:24:40.914] [DEBUG] debug-file - entry : default@SyscapTransform cost memory 0.054107666015625
[2026-05-17T21:24:40.914] [DEBUG] debug-file - runTaskFromQueue task cost before running: 3 s 365 ms 
[2026-05-17T21:24:40.914] [INFO] debug-file - Finished :entry:default@SyscapTransform... after 2 ms 
[2026-05-17T21:24:40.916] [DEBUG] debug-file - Executing task :entry:default@ProcessProfile
[2026-05-17T21:24:40.917] [DEBUG] debug-file - Task 'entry:default@ProcessProfile' cost while wrapping incremental declarations: 1 ms 
[2026-05-17T21:24:40.919] [DEBUG] debug-file - [
  'D:\\devecostudio-windows-6.0.2.650\\DevEco Studio\\tools\\node\\node.exe',
  'D:\\devecostudio-windows-6.0.2.650\\DevEco Studio\\sdk\\default\\openharmony\\ets\\build-tools\\ets-loader\\bin\\ark\\ts2abc.js',
  '--target-api-version',
  '12',
  '--target-api-sub-version',
  'beta1'
]
[2026-05-17T21:24:41.144] [DEBUG] debug-file - 12.0.2.0
[2026-05-17T21:24:41.149] [DEBUG] debug-file - No need to add fake ui ability because of not in preview process.
[2026-05-17T21:24:41.150] [DEBUG] debug-file - entry : default@ProcessProfile cost memory 1.8552398681640625
[2026-05-17T21:24:41.150] [DEBUG] debug-file - runTaskFromQueue task cost before running: 3 s 601 ms 
[2026-05-17T21:24:41.151] [INFO] debug-file - Finished :entry:default@ProcessProfile... after 235 ms 
[2026-05-17T21:24:41.152] [DEBUG] debug-file - Executing task :entry:default@ProcessRouterMap
[2026-05-17T21:24:41.158] [DEBUG] debug-file - entry : default@ProcessRouterMap cost memory 0.33071136474609375
[2026-05-17T21:24:41.158] [DEBUG] debug-file - runTaskFromQueue task cost before running: 3 s 609 ms 
[2026-05-17T21:24:41.159] [INFO] debug-file - Finished :entry:default@ProcessRouterMap... after 6 ms 
[2026-05-17T21:24:41.161] [DEBUG] debug-file - Executing task :entry:default@ProcessShareConfig
[2026-05-17T21:24:41.164] [DEBUG] debug-file - entry : default@ProcessShareConfig cost memory 0.06574249267578125
[2026-05-17T21:24:41.164] [DEBUG] debug-file - runTaskFromQueue task cost before running: 3 s 615 ms 
[2026-05-17T21:24:41.165] [INFO] debug-file - Finished :entry:default@ProcessShareConfig... after 4 ms 
[2026-05-17T21:24:41.167] [DEBUG] debug-file - Executing task :entry:default@ProcessStartupConfig
[2026-05-17T21:24:41.167] [DEBUG] debug-file - Task 'entry:default@ProcessStartupConfig' cost while wrapping incremental declarations: 1 ms 
[2026-05-17T21:24:41.168] [DEBUG] debug-file - entry : default@ProcessStartupConfig cost memory 0.06061553955078125
[2026-05-17T21:24:41.168] [DEBUG] debug-file - runTaskFromQueue task cost before running: 3 s 619 ms 
[2026-05-17T21:24:41.168] [INFO] debug-file - Finished :entry:default@ProcessStartupConfig... after 2 ms 
[2026-05-17T21:24:41.170] [DEBUG] debug-file - Executing task :entry:default@BuildNativeWithNinja
[2026-05-17T21:24:41.171] [DEBUG] debug-file - entry : default@BuildNativeWithNinja cost memory 0.02724456787109375
[2026-05-17T21:24:41.171] [DEBUG] debug-file - runTaskFromQueue task cost before running: 3 s 622 ms 
[2026-05-17T21:24:41.172] [INFO] debug-file - Finished :entry:default@BuildNativeWithNinja... after 2 ms 
[2026-05-17T21:24:41.174] [DEBUG] debug-file - restool module names: entry; moduleName=entry, taskName=default@ProcessResource
[2026-05-17T21:24:41.176] [DEBUG] debug-file - Executing task :entry:default@ProcessResource
[2026-05-17T21:24:41.176] [DEBUG] debug-file - Task 'entry:default@ProcessResource' cost while wrapping incremental declarations: 1 ms 
[2026-05-17T21:24:41.180] [DEBUG] debug-file - entry : default@ProcessResource cost memory 0.11861419677734375
[2026-05-17T21:24:41.181] [DEBUG] debug-file - runTaskFromQueue task cost before running: 3 s 631 ms 
[2026-05-17T21:24:41.182] [INFO] debug-file - Finished :entry:default@ProcessResource... after 6 ms 
[2026-05-17T21:24:41.184] [DEBUG] debug-file - Executing task :entry:default@GenerateLoaderJson
[2026-05-17T21:24:41.185] [DEBUG] debug-file - Task 'entry:default@GenerateLoaderJson' cost while wrapping incremental declarations: 1 ms 
[2026-05-17T21:24:41.201] [DEBUG] debug-file - entry : default@GenerateLoaderJson cost memory 0.5122909545898438
[2026-05-17T21:24:41.202] [DEBUG] debug-file - runTaskFromQueue task cost before running: 3 s 652 ms 
[2026-05-17T21:24:41.209] [INFO] debug-file - Finished :entry:default@GenerateLoaderJson... after 18 ms 
[2026-05-17T21:24:41.210] [DEBUG] debug-file - Executing task :entry:default@ProcessLibs
[2026-05-17T21:24:41.216] [DEBUG] debug-file - Worker dispatch failed, running processLibs on main thread.
[2026-05-17T21:24:41.217] [DEBUG] debug-file - entry : default@ProcessLibs cost memory 0.26947021484375
[2026-05-17T21:24:41.217] [DEBUG] debug-file - runTaskFromQueue task cost before running: 3 s 668 ms 
[2026-05-17T21:24:41.218] [INFO] debug-file - Finished :entry:default@ProcessLibs... after 8 ms 
[2026-05-17T21:24:41.220] [DEBUG] debug-file - restool module names: entry; moduleName=entry, taskName=default@CompileResource
[2026-05-17T21:24:41.220] [DEBUG] debug-file - Executing task :entry:default@CompileResource
[2026-05-17T21:24:41.229] [DEBUG] debug-file - Use tool [D:\devecostudio-windows-6.0.2.650\DevEco Studio\sdk\default\openharmony\toolchains\restool.exe]
 [
  'D:\\devecostudio-windows-6.0.2.650\\DevEco Studio\\sdk\\default\\openharmony\\toolchains\\restool.exe',
  '-l',
  'C:\\task\\preview-kit-samplecode-clientdemo-arkts-master\\entry\\build\\default\\intermediates\\res\\default\\resConfig.json'
]
[2026-05-17T21:24:41.230] [DEBUG] debug-file - current process  memoryUsage: {
  rss: 279916544,
  heapTotal: 169373696,
  heapUsed: 135871168,
  external: 13946248,
  arrayBuffers: 11140004
} os memoryUsage :15.207565307617188
[2026-05-17T21:24:41.451] [DEBUG] debug-file - Info: Pack: normal pack mode

[2026-05-17T21:24:41.506] [DEBUG] debug-file - Info: hardware concurrency count is : 24
Info: thread count is : 24

[2026-05-17T21:24:41.506] [DEBUG] debug-file - Info: thread pool is started

[2026-05-17T21:24:41.509] [DEBUG] debug-file - Info: GenericCompiler::CompileFiles

[2026-05-17T21:24:41.515] [DEBUG] debug-file - Info: GenericCompiler::CompileFiles

[2026-05-17T21:24:41.516] [DEBUG] debug-file - Info: GenericCompiler::CompileFiles

[2026-05-17T21:24:41.522] [DEBUG] debug-file - 05-17 21:24:41.523 26708 21308 E C01400/ImageTranscoderUtils: DecodeToRGBA IN

[2026-05-17T21:24:41.522] [DEBUG] debug-file - 05-17 21:24:41.523 26708 21308 E C01400/ImageTranscoderUtils: ImageFilter IN C:\task\preview-kit-samplecode-clientdemo-arkts-master\AppScope\resources\base\media\app_icon.png

[2026-05-17T21:24:41.525] [DEBUG] debug-file - 05-17 21:24:41.526 26708 21308 E C01400/ImageTranscoder: TranscodeSLR Only zoom-out is supported.

[2026-05-17T21:24:41.526] [DEBUG] debug-file - Warning: ScaleImage failed, error message: INVALID_PARAMETERS, file path = C:\task\preview-kit-samplecode-clientdemo-arkts-master\AppScope\resources\base\media\app_icon.png

[2026-05-17T21:24:41.527] [DEBUG] debug-file - 05-17 21:24:41.528 26708 21308 E C01400/ImageTranscoderUtils: DecodeToRGBA IN

[2026-05-17T21:24:41.527] [DEBUG] debug-file - 05-17 21:24:41.528 26708 21308 E C01400/ImageTranscoderUtils: ImageFilter IN C:\task\preview-kit-samplecode-clientdemo-arkts-master\entry\src\main\resources\base\media\icon.png

[2026-05-17T21:24:41.527] [DEBUG] debug-file - 05-17 21:24:41.528 26708 21308 E C01400/ImageTranscoder: TranscodeSLR Only zoom-out is supported.
Warning: ScaleImage failed, error message: INVALID_PARAMETERS, file path = C:\task\preview-kit-samplecode-clientdemo-arkts-master\entry\src\main\resources\base\media\icon.png

[2026-05-17T21:24:41.529] [DEBUG] debug-file - Info: restool resources compile success.

[2026-05-17T21:24:41.529] [DEBUG] debug-file - Info: thread pool is stopped

[2026-05-17T21:24:41.590] [DEBUG] debug-file - entry : default@CompileResource cost memory -30.869705200195312
[2026-05-17T21:24:41.590] [DEBUG] debug-file - runTaskFromQueue task cost before running: 4 s 41 ms 
[2026-05-17T21:24:41.591] [INFO] debug-file - Finished :entry:default@CompileResource... after 370 ms 
[2026-05-17T21:24:41.593] [DEBUG] debug-file - Executing task :entry:default@DoNativeStrip
[2026-05-17T21:24:41.593] [DEBUG] debug-file - Task 'entry:default@DoNativeStrip' cost while wrapping incremental declarations: 1 ms 
[2026-05-17T21:24:41.596] [DEBUG] debug-file - entry : default@DoNativeStrip cost memory 0.0588531494140625
[2026-05-17T21:24:41.596] [DEBUG] debug-file - runTaskFromQueue task cost before running: 4 s 46 ms 
[2026-05-17T21:24:41.596] [INFO] debug-file - Finished :entry:default@DoNativeStrip... after 3 ms 
[2026-05-17T21:24:41.597] [DEBUG] debug-file - Executing task :entry:default@CompileArkTS
[2026-05-17T21:24:41.598] [DEBUG] debug-file - obfuscationOptions: undefined
[2026-05-17T21:24:41.599] [DEBUG] debug-file - Task 'entry:default@CompileArkTS' cost while wrapping incremental declarations: 1 ms 
[2026-05-17T21:24:41.619] [DEBUG] debug-file - build config:
[2026-05-17T21:24:41.619] [DEBUG] debug-file - {
  moduleType: 'entry',
  perf: 0,
  targetName: '.default',
  packageManagerType: 'ohpm',
  localPropertiesPath: 'C:\\task\\preview-kit-samplecode-clientdemo-arkts-master\\local.properties',
  isPreview: false,
  isOhosTest: false,
  isLocalTest: false,
  buildMode: 'Debug',
  hotReloadBuild: undefined,
  watchMode: 'false',
  aceProfilePath: 'C:\\task\\preview-kit-samplecode-clientdemo-arkts-master\\entry\\build\\default\\intermediates\\res\\default\\resources\\base\\profile',
  etsLoaderPath: 'D:\\devecostudio-windows-6.0.2.650\\DevEco Studio\\sdk\\default\\openharmony\\ets\\build-tools\\ets-loader',
  modulePath: 'C:\\task\\preview-kit-samplecode-clientdemo-arkts-master\\entry',
  testFrameworkPar: {
    testMode: undefined,
    coveragePathFilter: undefined,
    coverageMode: undefined
  },
  needCoverageInsert: false,
  debugLine: false,
  projectTopDir: 'C:\\task\\preview-kit-samplecode-clientdemo-arkts-master',
  compileSdkVersion: 22,
  compatibleSdkVersion: 12,
  originCompatibleSdkVersion: '5.0.0(12)',
  compatibleSdkVersionStage: 'beta1',
  bundleName: 'c***o',
  etsLoaderVersion: '6.0.2.130',
  etsLoaderReleaseType: 'Release',
  aotCompileMode: 'type',
  apPath: 'C:\\task\\preview-kit-samplecode-clientdemo-arkts-master\\entry\\modules.ap',
  entryModuleName: 'entry',
  entryModuleVersion: '1.0.0',
  entryPackageName: 'entry',
  allModuleNameHash: 'eac4508e7120f46434a80eb6020d4781f636e6e3de6912c22a7fd712e66d7adc',
  externalApiPaths: [
    'D:\\devecostudio-windows-6.0.2.650\\DevEco Studio\\sdk\\default\\hms\\ets'
  ],
  compilerTypes: [],
  isCrossplatform: false,
  hvigorPluginFile: undefined,
  compilePluginPath: undefined,
  buildGeneratedProfilePath: 'C:\\task\\preview-kit-samplecode-clientdemo-arkts-master\\entry\\build\\default\\generated\\profile\\default',
  bundleType: 'app',
  arkTSVersion: undefined,
  apiVersion: 22,
  needCompleteSourcesMap: false,
  isFaMode: false,
  buildDir: 'C:\\task\\preview-kit-samplecode-clientdemo-arkts-master\\entry\\build',
  deviceTypes: [ 'phone', 'tablet', '2in1' ],
  pkgContextInfo: undefined,
  ohPackagePathMap: {},
  dependencyAliasMap: {},
  permission: { requestPermissions: undefined, definePermissions: undefined },
  useGetCurrentBundleName: false,
  projectArkOption: {},
  sourceMapDir: undefined,
  branchElimination: false,
  transformLib: undefined,
  tsImportSendable: false,
  resolveConflictMode: true,
  depName2RootPath: {},
  depName2DepInfo: {},
  rootPathSet: [ 'C:\\task\\preview-kit-samplecode-clientdemo-arkts-master' ],
  useNativeResolver: true,
  shouldEmitJs: true,
  useTscResolve: false,
  singleFileEmit: false,
  userProjectConfig: {
    autoLazyImport: false,
    allowEmptyBundleName: false,
    reExportCheckMode: 'noCheck',
    executionMode: 'memory',
    usePathPlaceholder: false,
    writeRollupCache: true,
    isExpandImportEnabled: false,
    expandImportExclude: '',
    lazyImportExclude: '',
    lazyImportInclude: '',
    ignoreCrossplatformCheck: false,
    isHarDeduplicateEnabled: false,
    skipOhModulesLint: false,
    enableStrictCheckOHModule: false,
    disableSendableCheckRules: [],
    useDeclarationFileSignature: false,
    customizedOptions: undefined,
    integratedHsp: false,
    isPreloadSoEnabled: false
  },
  executionMode: 'memory',
  arkCompileCachePath: 'C:\\task\\preview-kit-samplecode-clientdemo-arkts-master\\entry\\build\\default\\cache\\default\\default@CompileArkTS\\esmodule',
  autoLazyFilter: undefined,
  isHarDeduplicateEnabled: false,
  intermediateHarDuplicateDirPath: 'C:\\task\\preview-kit-samplecode-clientdemo-arkts-master\\entry\\build\\default\\intermediates\\har_duplicate\\default',
  autoLazyImport: false,
  allowEmptyBundleName: false,
  reExportCheckMode: 'noCheck',
  usePathPlaceholder: false,
  writeRollupCache: true,
  isExpandImportEnabled: false,
  expandImportExclude: '',
  lazyImportExclude: '',
  lazyImportInclude: '',
  ignoreCrossplatformCheck: false,
  skipOhModulesLint: false,
  enableStrictCheckOHModule: false,
  disableSendableCheckRules: [],
  useDeclarationFileSignature: false,
  customizedOptions: undefined,
  integratedHsp: false,
  isPreloadSoEnabled: false,
  strictMode: undefined,
  useNormalizedOHMUrl: false,
  caseSensitiveCheck: false,
  aceModuleJsonPath: 'C:\\task\\preview-kit-samplecode-clientdemo-arkts-master\\entry\\build\\default\\intermediates\\res\\default\\ark_module.json',
  appResource: 'C:\\task\\preview-kit-samplecode-clientdemo-arkts-master\\entry\\build\\default\\intermediates\\res\\default\\ResourceTable.txt',
  rawFileResource: 'C:\\task\\preview-kit-samplecode-clientdemo-arkts-master\\entry\\build\\default\\intermediates\\res\\default\\resources\\rawfile',
  resourceTableHash: 'cbd7badb65f169fa79541821e219689e968e4a4b146837429b505da7c010e4a6',
  runtimeOS: 'HarmonyOS',
  sdkInfo: 'false:22:6.0.2.130:Release',
  aceModuleRoot: 'C:\\task\\preview-kit-samplecode-clientdemo-arkts-master\\entry\\src\\main\\ets',
  compileMode: 'esmodule',
  aceSuperVisualPath: 'C:\\task\\preview-kit-samplecode-clientdemo-arkts-master\\entry\\src\\main\\supervisual',
  aceBuildJson: 'C:\\task\\preview-kit-samplecode-clientdemo-arkts-master\\entry\\build\\default\\intermediates\\loader\\default\\loader.json',
  cachePath: 'C:\\task\\preview-kit-samplecode-clientdemo-arkts-master\\entry\\build\\default\\cache\\default\\default@CompileArkTS\\esmodule\\debug',
  aceModuleBuild: 'C:\\task\\preview-kit-samplecode-clientdemo-arkts-master\\entry\\build\\default\\intermediates\\loader_out\\default\\ets',
  supportChunks: true,
  declaredFilesPath: undefined,
  shouldCollectDirectImportees: false,
  isByteCodeHarOptimize: false,
  expandImportPath: undefined,
  pkgNameToPkgBriefInfo: {
    entry: {
      pkgRoot: 'C:\\task\\preview-kit-samplecode-clientdemo-arkts-master\\entry',
      originalSourceRoots: undefined,
      sourceRoots: [Array],
      pkgName: 'entry'
    }
  },
  projectModel: {
    'C:\\task\\preview-kit-samplecode-clientdemo-arkts-master\\entry\\src\\main': {
      moduleName: 'entry',
      modulePkgPath: 'C:\\task\\preview-kit-samplecode-clientdemo-arkts-master\\entry',
      belongProjectPath: 'C:\\task\\preview-kit-samplecode-clientdemo-arkts-master'
    },
    'C:\\task\\preview-kit-samplecode-clientdemo-arkts-master\\entry\\.test\\default\\intermediates\\src\\ohosTest\\ets': {
      moduleName: 'entry',
      modulePkgPath: 'C:\\task\\preview-kit-samplecode-clientdemo-arkts-master\\entry',
      belongProjectPath: 'C:\\task\\preview-kit-samplecode-clientdemo-arkts-master'
    },
    'C:\\task\\preview-kit-samplecode-clientdemo-arkts-master\\entry\\src\\ohosTest': {
      moduleName: 'entry',
      modulePkgPath: 'C:\\task\\preview-kit-samplecode-clientdemo-arkts-master\\entry',
      belongProjectPath: 'C:\\task\\preview-kit-samplecode-clientdemo-arkts-master'
    },
    'C:\\task\\preview-kit-samplecode-clientdemo-arkts-master\\entry': {
      moduleName: 'entry',
      modulePkgPath: 'C:\\task\\preview-kit-samplecode-clientdemo-arkts-master\\entry',
      belongProjectPath: 'C:\\task\\preview-kit-samplecode-clientdemo-arkts-master'
    },
    'C:\\task\\preview-kit-samplecode-clientdemo-arkts-master': {
      moduleName: 'preview-kit-samplecode-clientdemo-arkts-master',
      modulePkgPath: 'C:\\task\\preview-kit-samplecode-clientdemo-arkts-master',
      belongProjectPath: 'C:\\task\\preview-kit-samplecode-clientdemo-arkts-master'
    }
  },
  pkgJsonFileHash: 'fdc9a5d220d6592533ef533706d0c6f7fdf104a8b7a63c0d50222b722e972311',
  allModulePaths: [ 'C:\\task\\preview-kit-samplecode-clientdemo-arkts-master\\entry' ],
  routerMap: {},
  obfuscationOptions: undefined,
  byteCodeHarToDependencyKeys: undefined,
  compileBlockPkg: [],
  mockParams: {
    decorator: '@MockSetup',
    packageName: '@ohos/hamock',
    etsSourceRootPath: 'src/main/ets',
    mockConfigPath: undefined,
    mockConfigKey2ModuleInfo: {},
    source2ModuleIdMap: {}
  },
  copyCodeResourceEnable: true,
  copyCodeResourceExcludes: [],
  copyCodeResourceIncludes: undefined,
  uiTransformOptimization: false,
  sdkPath: 'D:/devecostudio-windows-6.0.2.650/DevEco Studio/sdk',
  needPreloadSoFileSet: {},
  preloadSoFilePath: 'C:\\task\\preview-kit-samplecode-clientdemo-arkts-master\\entry\\build\\default\\intermediates\\preload\\default\\preload.json',
  useSourceHash: false,
  localModuleParamMap: {},
  otherPaths: {
    'entry/*': [
      '..\\*',
      '..\\..\\..\\build\\default\\generated\\profile\\default\\*'
    ]
  },
  collectImportersConfig: undefined
}
[2026-05-17T21:24:41.619] [DEBUG] debug-file - Compile arkts with external api path: D:\devecostudio-windows-6.0.2.650\DevEco Studio\sdk\default\hms\ets
[2026-05-17T21:24:41.621] [DEBUG] debug-file - default@CompileArkTS work[0] is submitted.
[2026-05-17T21:24:41.621] [DEBUG] debug-file - default@CompileArkTS work[0] is pushed to ready queue.
[2026-05-17T21:24:41.621] [DEBUG] debug-file - A work dispatched to worker[23] failed because unable to get work from ready queue.
[2026-05-17T21:24:41.621] [DEBUG] debug-file - A work dispatched to worker[22] failed because unable to get work from ready queue.
[2026-05-17T21:24:41.621] [DEBUG] debug-file - A work dispatched to worker[21] failed because unable to get work from ready queue.
[2026-05-17T21:24:41.621] [DEBUG] debug-file - A work dispatched to worker[20] failed because unable to get work from ready queue.
[2026-05-17T21:24:41.621] [DEBUG] debug-file - A work dispatched to worker[19] failed because unable to get work from ready queue.
[2026-05-17T21:24:41.621] [DEBUG] debug-file - A work dispatched to worker[18] failed because unable to get work from ready queue.
[2026-05-17T21:24:41.621] [DEBUG] debug-file - A work dispatched to worker[17] failed because unable to get work from ready queue.
[2026-05-17T21:24:41.621] [DEBUG] debug-file - A work dispatched to worker[16] failed because unable to get work from ready queue.
[2026-05-17T21:24:41.621] [DEBUG] debug-file - A work dispatched to worker[15] failed because unable to get work from ready queue.
[2026-05-17T21:24:41.622] [DEBUG] debug-file - A work dispatched to worker[14] failed because unable to get work from ready queue.
[2026-05-17T21:24:41.622] [DEBUG] debug-file - A work dispatched to worker[13] failed because unable to get work from ready queue.
[2026-05-17T21:24:41.622] [DEBUG] debug-file - A work dispatched to worker[12] failed because unable to get work from ready queue.
[2026-05-17T21:24:41.622] [DEBUG] debug-file - A work dispatched to worker[11] failed because unable to get work from ready queue.
[2026-05-17T21:24:41.622] [DEBUG] debug-file - A work dispatched to worker[10] failed because unable to get work from ready queue.
[2026-05-17T21:24:41.622] [DEBUG] debug-file - A work dispatched to worker[9] failed because unable to get work from ready queue.
[2026-05-17T21:24:41.622] [DEBUG] debug-file - A work dispatched to worker[8] failed because unable to get work from ready queue.
[2026-05-17T21:24:41.622] [DEBUG] debug-file - A work dispatched to worker[7] failed because unable to get work from ready queue.
[2026-05-17T21:24:41.622] [DEBUG] debug-file - A work dispatched to worker[6] failed because unable to get work from ready queue.
[2026-05-17T21:24:41.622] [DEBUG] debug-file - A work dispatched to worker[5] failed because unable to get work from ready queue.
[2026-05-17T21:24:41.622] [DEBUG] debug-file - Create  resident worker with id: 4.
[2026-05-17T21:24:41.623] [DEBUG] debug-file - default@CompileArkTS work[0] has been dispatched to worker[4].
[2026-05-17T21:24:41.623] [DEBUG] debug-file - default@CompileArkTS work[0] is dispatched.
[2026-05-17T21:24:41.623] [DEBUG] debug-file - CopyResources startTime: 356651319683900
[2026-05-17T21:24:41.623] [DEBUG] debug-file - default@CompileArkTS work[1] is submitted.
[2026-05-17T21:24:41.623] [DEBUG] debug-file - default@CompileArkTS work[1] is pushed to ready queue.
[2026-05-17T21:24:41.623] [DEBUG] debug-file - A work dispatched to worker[23] failed because unable to get work from ready queue.
[2026-05-17T21:24:41.623] [DEBUG] debug-file - Create  resident worker with id: 22.
[2026-05-17T21:24:41.624] [DEBUG] debug-file - default@CompileArkTS work[1] has been dispatched to worker[22].
[2026-05-17T21:24:41.624] [DEBUG] debug-file - default@CompileArkTS work[1] is dispatched.
[2026-05-17T21:24:41.624] [DEBUG] debug-file - entry : default@CompileArkTS cost memory 1.6087188720703125
[2026-05-17T21:24:41.625] [DEBUG] debug-file - Executing task :entry:default@BuildJS
[2026-05-17T21:24:41.626] [DEBUG] debug-file - Task 'entry:default@BuildJS' cost while wrapping incremental declarations: 1 ms 
[2026-05-17T21:24:41.629] [DEBUG] debug-file - entry : default@BuildJS cost memory 0.1470794677734375
[2026-05-17T21:24:41.629] [DEBUG] debug-file - runTaskFromQueue task cost before running: 4 s 80 ms 
[2026-05-17T21:24:41.630] [INFO] debug-file - Finished :entry:default@BuildJS... after 4 ms 
[2026-05-17T21:24:41.630] [DEBUG] debug-file - Executing task :entry:default@CacheNativeLibs
[2026-05-17T21:24:41.631] [DEBUG] debug-file - Task 'entry:default@CacheNativeLibs' cost while wrapping incremental declarations: 1 ms 
[2026-05-17T21:24:41.632] [DEBUG] debug-file - default@CacheNativeLibs work[2] is submitted.
[2026-05-17T21:24:41.632] [DEBUG] debug-file - default@CacheNativeLibs work[2] is pushed to ready queue.
[2026-05-17T21:24:41.632] [DEBUG] debug-file - A work dispatched to worker[23] failed because unable to get work from ready queue.
[2026-05-17T21:24:41.632] [DEBUG] debug-file - A work dispatched to worker[22] failed because of worker busy.
[2026-05-17T21:24:41.632] [DEBUG] debug-file - Create  resident worker with id: 21.
[2026-05-17T21:24:41.632] [DEBUG] debug-file - default@CacheNativeLibs work[2] has been dispatched to worker[21].
[2026-05-17T21:24:41.633] [DEBUG] debug-file - default@CacheNativeLibs work[2] is dispatched.
[2026-05-17T21:24:41.633] [DEBUG] debug-file - entry : default@CacheNativeLibs cost memory 0.151336669921875
[2026-05-17T21:24:42.569] [DEBUG] debug-file - worker[22] has one work done.
[2026-05-17T21:24:42.569] [DEBUG] debug-file - CopyResources is end, endTime: 356652265773200
[2026-05-17T21:24:42.570] [DEBUG] debug-file - default@CompileArkTS work[1] done.
[2026-05-17T21:24:42.570] [DEBUG] debug-file - A work dispatched to worker[22] failed because unable to get work from ready queue.
[2026-05-17T21:24:42.694] [DEBUG] debug-file - worker[21] has one work done.
[2026-05-17T21:24:42.694] [DEBUG] debug-file - default@CacheNativeLibs work[2] done.
[2026-05-17T21:24:42.695] [DEBUG] debug-file - A work dispatched to worker[21] failed because unable to get work from ready queue.
[2026-05-17T21:24:42.695] [INFO] debug-file - Finished :entry:default@CacheNativeLibs... after 7 ms 
[2026-05-17T21:24:47.587] [DEBUG] debug-file - worker[4] has one work done.
[2026-05-17T21:24:47.587] [DEBUG] debug-file - Ark compile task finished.finished time is 356657283243600
[2026-05-17T21:24:47.589] [DEBUG] debug-file - default@CompileArkTS work[0] done.
[2026-05-17T21:24:47.589] [DEBUG] debug-file - A work dispatched to worker[4] failed because unable to get work from ready queue.
[2026-05-17T21:24:47.591] [INFO] debug-file - Finished :entry:default@CompileArkTS... after 3 s 435 ms 
[2026-05-17T21:24:47.592] [DEBUG] debug-file - Executing task :entry:default@GeneratePkgModuleJson
[2026-05-17T21:24:47.592] [DEBUG] debug-file - File: 'C:\task\preview-kit-samplecode-clientdemo-arkts-master\entry\build\default\intermediates\preload\default\preload.json' from 'preloadSoJsonPath' is not exists, just ignore.
[2026-05-17T21:24:47.593] [DEBUG] debug-file - Error occurs while handling @Input 'shouldDeduplicateHar': The "data" argument must be of type string or an instance of Buffer, TypedArray, or DataView. Received undefined
[2026-05-17T21:24:47.593] [DEBUG] debug-file - Task 'entry:default@GeneratePkgModuleJson' cost while wrapping incremental declarations: 1 ms 
[2026-05-17T21:24:47.595] [DEBUG] debug-file - entry : default@GeneratePkgModuleJson cost memory 0.15048980712890625
[2026-05-17T21:24:47.595] [DEBUG] debug-file - runTaskFromQueue task cost before running: 10 s 46 ms 
[2026-05-17T21:24:47.595] [INFO] debug-file - Finished :entry:default@GeneratePkgModuleJson... after 4 ms 
[2026-05-17T21:24:47.596] [DEBUG] debug-file - Executing task :entry:default@ProcessCompiledResources
[2026-05-17T21:24:47.596] [DEBUG] debug-file - File: 'C:\task\preview-kit-samplecode-clientdemo-arkts-master\entry\build\default\intermediates\preload\default\preload.json' from 'preloadSoJsonPath' is not exists, just ignore.
[2026-05-17T21:24:47.596] [DEBUG] debug-file - Task 'entry:default@ProcessCompiledResources' cost while wrapping incremental declarations: 1 ms 
[2026-05-17T21:24:47.597] [DEBUG] debug-file - entry : default@ProcessCompiledResources cost memory 0.05859375
[2026-05-17T21:24:47.597] [DEBUG] debug-file - runTaskFromQueue task cost before running: 10 s 47 ms 
[2026-05-17T21:24:47.597] [INFO] debug-file - Finished :entry:default@ProcessCompiledResources... after 1 ms 
[2026-05-17T21:24:47.599] [DEBUG] debug-file - Executing task :entry:default@PackageHap
[2026-05-17T21:24:47.603] [DEBUG] debug-file - Use tool [D:\devecostudio-windows-6.0.2.650\DevEco Studio\sdk\default\openharmony\toolchains\lib\app_packing_tool.jar]
 [
  'java',
  '-Dfile.encoding=GBK',
  '-jar',
  'D:\\devecostudio-windows-6.0.2.650\\DevEco Studio\\sdk\\default\\openharmony\\toolchains\\lib\\app_packing_tool.jar',
  '--mode',
  'hap',
  '--force',
  'true',
  '--lib-path',
  'C:\\task\\preview-kit-samplecode-clientdemo-arkts-master\\entry\\build\\default\\intermediates\\stripped_native_libs\\default',
  '--json-path',
  'C:\\task\\preview-kit-samplecode-clientdemo-arkts-master\\entry\\build\\default\\intermediates\\package\\default\\module.json',
  '--resources-path',
  'C:\\task\\preview-kit-samplecode-clientdemo-arkts-master\\entry\\build\\default\\intermediates\\res\\default\\resources',
  '--index-path',
  'C:\\task\\preview-kit-samplecode-clientdemo-arkts-master\\entry\\build\\default\\intermediates\\res\\default\\resources.index',
  '--pack-info-path',
  'C:\\task\\preview-kit-samplecode-clientdemo-arkts-master\\entry\\build\\default\\outputs\\default\\pack.info',
  '--out-path',
  'C:\\task\\preview-kit-samplecode-clientdemo-arkts-master\\entry\\build\\default\\outputs\\default\\entry-default-unsigned.hap',
  '--ets-path',
  'C:\\task\\preview-kit-samplecode-clientdemo-arkts-master\\entry\\build\\default\\intermediates\\loader_out\\default\\ets'
]
[2026-05-17T21:24:47.848] [DEBUG] debug-file - java daemon socket received message:{"code":0,"message":"pack success"}
[2026-05-17T21:24:47.854] [DEBUG] debug-file - entry : default@PackageHap cost memory 0.4811248779296875
[2026-05-17T21:24:47.854] [DEBUG] debug-file - runTaskFromQueue task cost before running: 10 s 305 ms 
[2026-05-17T21:24:47.855] [INFO] debug-file - Finished :entry:default@PackageHap... after 256 ms 
[2026-05-17T21:24:47.856] [DEBUG] debug-file - Executing task :entry:default@PackingCheck
[2026-05-17T21:24:47.862] [DEBUG] debug-file - entry : default@PackingCheck cost memory 0.7289276123046875
[2026-05-17T21:24:47.863] [DEBUG] debug-file - runTaskFromQueue task cost before running: 10 s 313 ms 
[2026-05-17T21:24:47.863] [INFO] debug-file - Finished :entry:default@PackingCheck... after 7 ms 
[2026-05-17T21:24:47.864] [DEBUG] debug-file - Executing task :entry:default@SignHap
[2026-05-17T21:24:47.864] [WARN] debug-file - Will skip sign 'hos_hap'. No signingConfigs profile is configured in current project.
             If needed, configure the signingConfigs in C:\task\preview-kit-samplecode-clientdemo-arkts-master\build-profile.json5.
[2026-05-17T21:24:47.865] [DEBUG] debug-file - entry : default@SignHap cost memory 0.0687408447265625
[2026-05-17T21:24:47.865] [DEBUG] debug-file - runTaskFromQueue task cost before running: 10 s 316 ms 
[2026-05-17T21:24:47.865] [INFO] debug-file - Finished :entry:default@SignHap... after 2 ms 
[2026-05-17T21:24:47.866] [DEBUG] debug-file - Executing task :entry:default@CollectDebugSymbol
[2026-05-17T21:24:47.867] [DEBUG] debug-file - entry : default@CollectDebugSymbol cost memory 0.0908966064453125
[2026-05-17T21:24:47.867] [DEBUG] debug-file - runTaskFromQueue task cost before running: 10 s 318 ms 
[2026-05-17T21:24:47.868] [INFO] debug-file - Finished :entry:default@CollectDebugSymbol... after 2 ms 
[2026-05-17T21:24:47.868] [DEBUG] debug-file - Executing task :entry:assembleHap
[2026-05-17T21:24:47.868] [DEBUG] debug-file - entry : assembleHap cost memory 0.0128326416015625
[2026-05-17T21:24:47.868] [DEBUG] debug-file - runTaskFromQueue task cost before running: 10 s 319 ms 
[2026-05-17T21:24:47.868] [INFO] debug-file - Finished :entry:assembleHap... after 1 ms 
[2026-05-17T21:24:47.877] [INFO] debug-file - BUILD SUCCESSFUL in 10 s 328 ms 
[2026-05-17T21:24:47.879] [DEBUG] debug-file - Update task entry:default@PreBuild input file:C:\task\preview-kit-samplecode-clientdemo-arkts-master\AppScope\app.json5 cache by regenerate.
[2026-05-17T21:24:47.880] [DEBUG] debug-file - Update task entry:default@PreBuild input file:C:\task\preview-kit-samplecode-clientdemo-arkts-master\entry\src\main\module.json5 cache by regenerate.
[2026-05-17T21:24:47.880] [DEBUG] debug-file - Update task entry:default@PreBuild input file:C:\task\preview-kit-samplecode-clientdemo-arkts-master\build-profile.json5 cache by regenerate.
[2026-05-17T21:24:47.880] [DEBUG] debug-file - Update task entry:default@PreBuild input file:C:\task\preview-kit-samplecode-clientdemo-arkts-master\entry\build-profile.json5 cache by regenerate.
[2026-05-17T21:24:47.880] [DEBUG] debug-file - Update task entry:default@PreBuild input file:C:\task\preview-kit-samplecode-clientdemo-arkts-master\entry\src\main\resources\base\profile\main_pages.json cache by regenerate.
[2026-05-17T21:24:47.881] [DEBUG] debug-file - Update task entry:default@PreBuild input file:C:\task\preview-kit-samplecode-clientdemo-arkts-master\hvigor\hvigor-config.json5 cache by regenerate.
[2026-05-17T21:24:47.881] [DEBUG] debug-file - Update task entry:default@PreBuild input file:C:\task\preview-kit-samplecode-clientdemo-arkts-master\entry\oh-package.json5 cache by regenerate.
[2026-05-17T21:24:47.881] [DEBUG] debug-file - Update task entry:default@PreBuild input file:C:\task\preview-kit-samplecode-clientdemo-arkts-master\oh-package.json5 cache by regenerate.
[2026-05-17T21:24:47.881] [DEBUG] debug-file - Incremental task entry:default@PreBuild post-execution cost:4 ms .
[2026-05-17T21:24:47.881] [DEBUG] debug-file - Update task entry:default@CreateModuleInfo output file:C:\task\preview-kit-samplecode-clientdemo-arkts-master\entry\build\default\generated\profile\default\ModuleInfo.ts cache.
[2026-05-17T21:24:47.882] [DEBUG] debug-file - Incremental task entry:default@CreateModuleInfo post-execution cost:1 ms .
[2026-05-17T21:24:47.882] [DEBUG] debug-file - Update task entry:default@GenerateMetadata input file:C:\task\preview-kit-samplecode-clientdemo-arkts-master\entry\src\main\module.json5 cache by regenerate.
[2026-05-17T21:24:47.882] [DEBUG] debug-file - Update task entry:default@GenerateMetadata output file:C:\task\preview-kit-samplecode-clientdemo-arkts-master\entry\build\default\intermediates\hap_metadata\default\output_metadata.json cache.
[2026-05-17T21:24:47.882] [DEBUG] debug-file - Incremental task entry:default@GenerateMetadata post-execution cost:1 ms .
[2026-05-17T21:24:47.882] [DEBUG] debug-file - Update task entry:default@MergeProfile input file:C:\task\preview-kit-samplecode-clientdemo-arkts-master\AppScope\app.json5 cache by regenerate.
[2026-05-17T21:24:47.883] [DEBUG] debug-file - Update task entry:default@MergeProfile input file:C:\task\preview-kit-samplecode-clientdemo-arkts-master\build-profile.json5 cache by regenerate.
[2026-05-17T21:24:47.883] [DEBUG] debug-file - Update task entry:default@MergeProfile input file:C:\task\preview-kit-samplecode-clientdemo-arkts-master\entry\src\main\module.json5 cache by regenerate.
[2026-05-17T21:24:47.883] [DEBUG] debug-file - Update task entry:default@MergeProfile output file:C:\task\preview-kit-samplecode-clientdemo-arkts-master\entry\build\default\intermediates\merge_profile\default\module.json cache.
[2026-05-17T21:24:47.884] [DEBUG] debug-file - Incremental task entry:default@MergeProfile post-execution cost:2 ms .
[2026-05-17T21:24:47.884] [DEBUG] debug-file - Update task entry:default@CreateBuildProfile input file:C:\task\preview-kit-samplecode-clientdemo-arkts-master\AppScope\app.json5 cache by regenerate.
[2026-05-17T21:24:47.884] [DEBUG] debug-file - Update task entry:default@CreateBuildProfile input file:C:\task\preview-kit-samplecode-clientdemo-arkts-master\build-profile.json5 cache by regenerate.
[2026-05-17T21:24:47.884] [DEBUG] debug-file - Update task entry:default@CreateBuildProfile output file:C:\task\preview-kit-samplecode-clientdemo-arkts-master\entry\build\default\generated\profile\default\BuildProfile.ets cache.
[2026-05-17T21:24:47.884] [DEBUG] debug-file - Incremental task entry:default@CreateBuildProfile post-execution cost:1 ms .
[2026-05-17T21:24:47.884] [DEBUG] debug-file - Update task entry:default@GeneratePkgContextInfo output file:C:\task\preview-kit-samplecode-clientdemo-arkts-master\entry\build\default\intermediates\loader\default\pkgContextInfo.json cache.
[2026-05-17T21:24:47.884] [DEBUG] debug-file - Incremental task entry:default@GeneratePkgContextInfo post-execution cost:1 ms .
[2026-05-17T21:24:47.885] [DEBUG] debug-file - Update task entry:default@ProcessIntegratedHsp output file:C:\task\preview-kit-samplecode-clientdemo-arkts-master\build\cache\default\integrated_hsp\integratedHspCache.json cache.
[2026-05-17T21:24:47.885] [DEBUG] debug-file - Incremental task entry:default@ProcessIntegratedHsp post-execution cost:1 ms .
[2026-05-17T21:24:47.885] [DEBUG] debug-file - Update task entry:default@MakePackInfo input file:C:\task\preview-kit-samplecode-clientdemo-arkts-master\AppScope\app.json5 cache by regenerate.
[2026-05-17T21:24:47.885] [DEBUG] debug-file - Update task entry:default@MakePackInfo input file:C:\task\preview-kit-samplecode-clientdemo-arkts-master\entry\src\main\module.json5 cache by regenerate.
[2026-05-17T21:24:47.885] [DEBUG] debug-file - Update task entry:default@MakePackInfo input file:C:\task\preview-kit-samplecode-clientdemo-arkts-master\build-profile.json5 cache by regenerate.
[2026-05-17T21:24:47.886] [DEBUG] debug-file - Update task entry:default@MakePackInfo output file:C:\task\preview-kit-samplecode-clientdemo-arkts-master\entry\build\default\outputs\default\pack.info cache.
[2026-05-17T21:24:47.886] [DEBUG] debug-file - Incremental task entry:default@MakePackInfo post-execution cost:2 ms .
[2026-05-17T21:24:47.886] [DEBUG] debug-file - Update task entry:default@SyscapTransform input file:D:\devecostudio-windows-6.0.2.650\DevEco Studio\sdk\default\openharmony\toolchains\syscap_tool.exe cache by regenerate.
[2026-05-17T21:24:47.886] [DEBUG] debug-file - Update task entry:default@SyscapTransform input file:D:\devecostudio-windows-6.0.2.650\DevEco Studio\sdk\default\openharmony\ets\api\device-define cache by regenerate.
[2026-05-17T21:24:47.887] [DEBUG] debug-file - Update task entry:default@SyscapTransform output file:C:\task\preview-kit-samplecode-clientdemo-arkts-master\entry\build\default\intermediates\syscap\default\rpcid.sc cache.
[2026-05-17T21:24:47.888] [DEBUG] debug-file - Incremental task entry:default@SyscapTransform post-execution cost:2 ms .
[2026-05-17T21:24:47.888] [DEBUG] debug-file - Update task entry:default@ProcessProfile input file:C:\task\preview-kit-samplecode-clientdemo-arkts-master\entry\build\default\intermediates\merge_profile\default\module.json cache by regenerate.
[2026-05-17T21:24:47.888] [DEBUG] debug-file - Update task entry:default@ProcessProfile output file:C:\task\preview-kit-samplecode-clientdemo-arkts-master\entry\build\default\intermediates\process_profile\default\module.json cache.
[2026-05-17T21:24:47.888] [DEBUG] debug-file - Incremental task entry:default@ProcessProfile post-execution cost:1 ms .
[2026-05-17T21:24:47.889] [DEBUG] debug-file - Update task entry:default@ProcessRouterMap input file:C:\task\preview-kit-samplecode-clientdemo-arkts-master\entry\oh-package.json5 cache by regenerate.
[2026-05-17T21:24:47.889] [DEBUG] debug-file - Update task entry:default@ProcessRouterMap input file:C:\task\preview-kit-samplecode-clientdemo-arkts-master\oh-package.json5 cache by regenerate.
[2026-05-17T21:24:47.889] [DEBUG] debug-file - Update task entry:default@ProcessRouterMap input file:C:\task\preview-kit-samplecode-clientdemo-arkts-master\entry\src\main\module.json5 cache by regenerate.
[2026-05-17T21:24:47.889] [DEBUG] debug-file - Update task entry:default@ProcessRouterMap output file:C:\task\preview-kit-samplecode-clientdemo-arkts-master\entry\build\default\intermediates\router_map\default\temp-router-map.json cache.
[2026-05-17T21:24:47.890] [DEBUG] debug-file - Update task entry:default@ProcessRouterMap output file:C:\task\preview-kit-samplecode-clientdemo-arkts-master\entry\build\default\intermediates\router_map\default\loader-router-map.json cache.
[2026-05-17T21:24:47.890] [DEBUG] debug-file - Incremental task entry:default@ProcessRouterMap post-execution cost:2 ms .
[2026-05-17T21:24:47.890] [DEBUG] debug-file - Update task entry:default@ProcessShareConfig input file:C:\task\preview-kit-samplecode-clientdemo-arkts-master\entry\oh-package.json5 cache by regenerate.
[2026-05-17T21:24:47.890] [DEBUG] debug-file - Update task entry:default@ProcessShareConfig input file:C:\task\preview-kit-samplecode-clientdemo-arkts-master\oh-package.json5 cache by regenerate.
[2026-05-17T21:24:47.891] [DEBUG] debug-file - Update task entry:default@ProcessShareConfig input file:C:\task\preview-kit-samplecode-clientdemo-arkts-master\entry\src\main\module.json5 cache by regenerate.
[2026-05-17T21:24:47.891] [DEBUG] debug-file - Update task entry:default@ProcessShareConfig output file:C:\task\preview-kit-samplecode-clientdemo-arkts-master\entry\build\default\intermediates\share_config\default\temp-share-config.json cache.
[2026-05-17T21:24:47.891] [DEBUG] debug-file - Incremental task entry:default@ProcessShareConfig post-execution cost:2 ms .
[2026-05-17T21:24:47.891] [DEBUG] debug-file - Update task entry:default@ProcessStartupConfig output file:C:\task\preview-kit-samplecode-clientdemo-arkts-master\entry\build\default\intermediates\startup\default\startup_config.json cache.
[2026-05-17T21:24:47.891] [DEBUG] debug-file - Incremental task entry:default@ProcessStartupConfig post-execution cost:1 ms .
[2026-05-17T21:24:47.891] [DEBUG] debug-file - Update task entry:default@ProcessResource output file:C:\task\preview-kit-samplecode-clientdemo-arkts-master\entry\build\default\intermediates\res\default\resConfig.json cache.
[2026-05-17T21:24:47.892] [DEBUG] debug-file - Update task entry:default@ProcessResource output file:C:\task\preview-kit-samplecode-clientdemo-arkts-master\entry\build\default\intermediates\res\default\opt-compression.json cache.
[2026-05-17T21:24:47.892] [DEBUG] debug-file - Incremental task entry:default@ProcessResource post-execution cost:1 ms .
[2026-05-17T21:24:47.893] [DEBUG] debug-file - Update task entry:default@GenerateLoaderJson input file:C:\task\preview-kit-samplecode-clientdemo-arkts-master\entry\build\default\intermediates\router_map\default\temp-router-map.json cache by regenerate.
[2026-05-17T21:24:47.893] [DEBUG] debug-file - Update task entry:default@GenerateLoaderJson output file:C:\task\preview-kit-samplecode-clientdemo-arkts-master\entry\build\default\intermediates\loader\default\loader.json cache.
[2026-05-17T21:24:47.893] [DEBUG] debug-file - Incremental task entry:default@GenerateLoaderJson post-execution cost:2 ms .
[2026-05-17T21:24:47.894] [DEBUG] debug-file - Update task entry:default@ProcessLibs input file:C:\task\preview-kit-samplecode-clientdemo-arkts-master\build-profile.json5 cache by regenerate.
[2026-05-17T21:24:47.894] [DEBUG] debug-file - Update task entry:default@ProcessLibs input file:C:\task\preview-kit-samplecode-clientdemo-arkts-master\entry\build-profile.json5 cache by regenerate.
[2026-05-17T21:24:47.894] [DEBUG] debug-file - Update task entry:default@ProcessLibs output file:C:\task\preview-kit-samplecode-clientdemo-arkts-master\entry\build\default\intermediates\libs\default cache.
[2026-05-17T21:24:47.895] [DEBUG] debug-file - Incremental task entry:default@ProcessLibs post-execution cost:2 ms .
[2026-05-17T21:24:47.896] [DEBUG] debug-file - Update task entry:default@CompileResource input file:C:\task\preview-kit-samplecode-clientdemo-arkts-master\entry\src\main\resources cache by regenerate.
[2026-05-17T21:24:47.899] [DEBUG] debug-file - Update task entry:default@CompileResource input file:C:\task\preview-kit-samplecode-clientdemo-arkts-master\AppScope\resources cache by regenerate.
[2026-05-17T21:24:47.901] [DEBUG] debug-file - Update task entry:default@CompileResource input file:C:\task\preview-kit-samplecode-clientdemo-arkts-master\entry\build\default\intermediates\process_profile\default\module.json cache by regenerate.
[2026-05-17T21:24:47.901] [DEBUG] debug-file - Update task entry:default@CompileResource input file:C:\task\preview-kit-samplecode-clientdemo-arkts-master\entry\build\default\intermediates\res\default\resConfig.json cache by regenerate.
[2026-05-17T21:24:47.901] [DEBUG] debug-file - Update task entry:default@CompileResource output file:C:\task\preview-kit-samplecode-clientdemo-arkts-master\entry\build\default\intermediates\res\default cache.
[2026-05-17T21:24:47.906] [DEBUG] debug-file - Update task entry:default@CompileResource output file:C:\task\preview-kit-samplecode-clientdemo-arkts-master\entry\build\default\generated\r\default\ResourceTable.h cache.
[2026-05-17T21:24:47.907] [DEBUG] debug-file - Update task entry:default@CompileResource output file:C:\task\preview-kit-samplecode-clientdemo-arkts-master\entry\build\default\generated\r\default cache.
[2026-05-17T21:24:47.907] [DEBUG] debug-file - Incremental task entry:default@CompileResource post-execution cost:13 ms .
[2026-05-17T21:24:47.907] [DEBUG] debug-file - Update task entry:default@DoNativeStrip input file:C:\task\preview-kit-samplecode-clientdemo-arkts-master\entry\build\default\intermediates\libs\default cache by regenerate.
[2026-05-17T21:24:47.908] [DEBUG] debug-file - Update task entry:default@DoNativeStrip output file:C:\task\preview-kit-samplecode-clientdemo-arkts-master\entry\build\default\intermediates\stripped_native_libs\default cache.
[2026-05-17T21:24:47.908] [DEBUG] debug-file - Incremental task entry:default@DoNativeStrip post-execution cost:1 ms .
[2026-05-17T21:24:47.910] [DEBUG] debug-file - Update task entry:default@CompileArkTS input file:C:\task\preview-kit-samplecode-clientdemo-arkts-master\entry\build\default\intermediates\loader\default cache by regenerate.
[2026-05-17T21:24:47.910] [DEBUG] debug-file - Update task entry:default@CompileArkTS input file:C:\task\preview-kit-samplecode-clientdemo-arkts-master\entry\build\default\intermediates\res\default\resources\rawfile cache by regenerate.
[2026-05-17T21:24:47.911] [DEBUG] debug-file - Update task entry:default@CompileArkTS input file:C:\task\preview-kit-samplecode-clientdemo-arkts-master\entry\build\default\intermediates\res\default\ResourceTable.txt cache by regenerate.
[2026-05-17T21:24:47.911] [DEBUG] debug-file - Update task entry:default@CompileArkTS input file:C:\task\preview-kit-samplecode-clientdemo-arkts-master\entry\build\default\intermediates\res\default\ark_module.json cache by regenerate.
[2026-05-17T21:24:47.911] [DEBUG] debug-file - Update task entry:default@CompileArkTS input file:C:\task\preview-kit-samplecode-clientdemo-arkts-master\entry\build\default\intermediates\res\default\resources\base\profile cache by regenerate.
[2026-05-17T21:24:47.912] [DEBUG] debug-file - Update task entry:default@CompileArkTS input file:C:\task\preview-kit-samplecode-clientdemo-arkts-master\entry\src\main\ets cache by regenerate.
[2026-05-17T21:24:47.913] [DEBUG] debug-file - Update task entry:default@CompileArkTS input file:C:\task\preview-kit-samplecode-clientdemo-arkts-master\entry\build\default\generated\profile\default\BuildProfile.ets cache by regenerate.
[2026-05-17T21:24:47.914] [DEBUG] debug-file - Update task entry:default@CompileArkTS output file:C:\task\preview-kit-samplecode-clientdemo-arkts-master\entry\build\default\intermediates\loader_out\default\ets cache.
[2026-05-17T21:24:47.915] [DEBUG] debug-file - Incremental task entry:default@CompileArkTS post-execution cost:7 ms .
[2026-05-17T21:24:47.916] [DEBUG] debug-file - Update task entry:default@BuildJS input file:C:\task\preview-kit-samplecode-clientdemo-arkts-master\entry\build\default\intermediates\loader\default cache by regenerate.
[2026-05-17T21:24:47.917] [DEBUG] debug-file - Update task entry:default@BuildJS input file:C:\task\preview-kit-samplecode-clientdemo-arkts-master\entry\build\default\intermediates\res\default\resources\rawfile cache by regenerate.
[2026-05-17T21:24:47.917] [DEBUG] debug-file - Update task entry:default@BuildJS input file:C:\task\preview-kit-samplecode-clientdemo-arkts-master\entry\build\default\intermediates\res\default\ResourceTable.txt cache by regenerate.
[2026-05-17T21:24:47.917] [DEBUG] debug-file - Update task entry:default@BuildJS input file:C:\task\preview-kit-samplecode-clientdemo-arkts-master\entry\build\default\intermediates\res\default\ark_module.json cache by regenerate.
[2026-05-17T21:24:47.918] [DEBUG] debug-file - Update task entry:default@BuildJS input file:C:\task\preview-kit-samplecode-clientdemo-arkts-master\entry\build\default\intermediates\res\default\resources\base\profile cache by regenerate.
[2026-05-17T21:24:47.918] [DEBUG] debug-file - Update task entry:default@BuildJS output file:C:\task\preview-kit-samplecode-clientdemo-arkts-master\entry\build\default\intermediates\loader_out\default\js cache.
[2026-05-17T21:24:47.919] [DEBUG] debug-file - Incremental task entry:default@BuildJS post-execution cost:5 ms .
[2026-05-17T21:24:47.919] [DEBUG] debug-file - Update task entry:default@CacheNativeLibs input file:C:\task\preview-kit-samplecode-clientdemo-arkts-master\entry\build\default\intermediates\stripped_native_libs\default cache by regenerate.
[2026-05-17T21:24:47.919] [DEBUG] debug-file - Update task entry:default@CacheNativeLibs input file:C:\task\preview-kit-samplecode-clientdemo-arkts-master\entry\build\default\intermediates\libs\default cache by regenerate.
[2026-05-17T21:24:47.919] [DEBUG] debug-file - Update task entry:default@CacheNativeLibs output file:C:\task\preview-kit-samplecode-clientdemo-arkts-master\entry\build\default\intermediates\patch\default\base_native_libs.json cache.
[2026-05-17T21:24:47.920] [DEBUG] debug-file - Incremental task entry:default@CacheNativeLibs post-execution cost:1 ms .
[2026-05-17T21:24:47.920] [DEBUG] debug-file - Update task entry:default@GeneratePkgModuleJson input file:C:\task\preview-kit-samplecode-clientdemo-arkts-master\entry\build\default\intermediates\res\default\module.json cache by regenerate.
[2026-05-17T21:24:47.920] [DEBUG] debug-file - Update task entry:default@GeneratePkgModuleJson output file:C:\task\preview-kit-samplecode-clientdemo-arkts-master\entry\build\default\intermediates\package\default\module.json cache.
[2026-05-17T21:24:47.920] [DEBUG] debug-file - Incremental task entry:default@GeneratePkgModuleJson post-execution cost:1 ms .
[2026-05-17T21:24:47.920] [DEBUG] debug-file - Incremental task entry:default@ProcessCompiledResources post-execution cost:1 ms .
[2026-05-17T21:24:47.921] [DEBUG] debug-file - Update task entry:default@PackageHap input file:C:\task\preview-kit-samplecode-clientdemo-arkts-master\entry\build\default\intermediates\stripped_native_libs\default cache by regenerate.
[2026-05-17T21:24:47.922] [DEBUG] debug-file - Update task entry:default@PackageHap input file:C:\task\preview-kit-samplecode-clientdemo-arkts-master\entry\build\default\intermediates\res\default\module.json cache by regenerate.
[2026-05-17T21:24:47.922] [DEBUG] debug-file - Update task entry:default@PackageHap input file:C:\task\preview-kit-samplecode-clientdemo-arkts-master\entry\build\default\intermediates\res\default\resources cache by regenerate.
[2026-05-17T21:24:47.924] [DEBUG] debug-file - Update task entry:default@PackageHap input file:C:\task\preview-kit-samplecode-clientdemo-arkts-master\entry\build\default\intermediates\res\default\resources.index cache by regenerate.
[2026-05-17T21:24:47.924] [DEBUG] debug-file - Update task entry:default@PackageHap input file:C:\task\preview-kit-samplecode-clientdemo-arkts-master\entry\build\default\outputs\default\pack.info cache by regenerate.
[2026-05-17T21:24:47.925] [DEBUG] debug-file - Update task entry:default@PackageHap input file:C:\task\preview-kit-samplecode-clientdemo-arkts-master\entry\build\default\intermediates\loader_out\default\ets cache by regenerate.
[2026-05-17T21:24:47.925] [DEBUG] debug-file - Update task entry:default@PackageHap input file:C:\task\preview-kit-samplecode-clientdemo-arkts-master\entry\build\default\intermediates\loader_out\default\ets\sourceMaps.map cache by regenerate.
[2026-05-17T21:24:47.926] [DEBUG] debug-file - Update task entry:default@PackageHap input file:C:\task\preview-kit-samplecode-clientdemo-arkts-master\entry\build\default\generated\profile\default\BuildProfile.ets cache by regenerate.
[2026-05-17T21:24:47.926] [DEBUG] debug-file - Update task entry:default@PackageHap output file:C:\task\preview-kit-samplecode-clientdemo-arkts-master\entry\build\default\outputs\default\entry-default-unsigned.hap cache.
[2026-05-17T21:24:47.926] [DEBUG] debug-file - Update task entry:default@PackageHap output file:C:\task\preview-kit-samplecode-clientdemo-arkts-master\entry\build\default\intermediates\source_map\default\sourceMaps.map cache.
[2026-05-17T21:24:47.926] [DEBUG] debug-file - Update task entry:default@PackageHap output file:C:\task\preview-kit-samplecode-clientdemo-arkts-master\entry\build\default\outputs\default\mapping\sourceMaps.map cache.
[2026-05-17T21:24:47.926] [DEBUG] debug-file - Incremental task entry:default@PackageHap post-execution cost:7 ms .
[2026-05-17T21:24:47.927] [DEBUG] debug-file - Update task entry:default@SignHap input file:C:\task\preview-kit-samplecode-clientdemo-arkts-master\entry\build\default\outputs\default\entry-default-unsigned.hap cache by regenerate.
[2026-05-17T21:24:47.927] [DEBUG] debug-file - Update task entry:default@SignHap output file:C:\task\preview-kit-samplecode-clientdemo-arkts-master\entry\build\default\outputs\default\entry-default-signed.hap cache.
[2026-05-17T21:24:47.927] [DEBUG] debug-file - Incremental task entry:default@SignHap post-execution cost:1 ms .
[2026-05-17T21:24:47.928] [DEBUG] debug-file - Update task entry:default@CollectDebugSymbol input file:C:\task\preview-kit-samplecode-clientdemo-arkts-master\entry\build\default\intermediates\loader_out\default\ets\sourceMaps.map cache by regenerate.
[2026-05-17T21:24:47.928] [DEBUG] debug-file - Update task entry:default@CollectDebugSymbol input file:C:\task\preview-kit-samplecode-clientdemo-arkts-master\entry\build\default\intermediates\libs\default cache by regenerate.
[2026-05-17T21:24:47.928] [DEBUG] debug-file - Update task entry:default@CollectDebugSymbol output file:C:\task\preview-kit-samplecode-clientdemo-arkts-master\entry\build\default\outputs\default\symbol cache.
[2026-05-17T21:24:47.928] [DEBUG] debug-file - Incremental task entry:default@CollectDebugSymbol post-execution cost:2 ms .
[2026-05-17T21:24:47.949] [DEBUG] debug-file - Cleanup worker 0.
[2026-05-17T21:24:47.949] [DEBUG] debug-file - Worker 0 has been cleaned up.
[2026-05-17T21:24:47.950] [DEBUG] debug-file - Current idle worker size: 4.
[2026-05-17T21:24:47.950] [DEBUG] debug-file - Current resident worker size: 5.
[2026-05-17T21:24:47.950] [DEBUG] debug-file - Cleanup worker 1.
[2026-05-17T21:24:47.950] [DEBUG] debug-file - Worker 1 has been cleaned up.
[2026-05-17T21:24:47.950] [DEBUG] debug-file - Current idle worker size: 3.
[2026-05-17T21:24:47.950] [DEBUG] debug-file - Current resident worker size: 5.
[2026-05-17T21:24:47.950] [DEBUG] debug-file - Cleanup worker 22.
[2026-05-17T21:24:47.950] [DEBUG] debug-file - Worker 22 has been cleaned up.
[2026-05-17T21:24:47.950] [DEBUG] debug-file - Current idle worker size: 2.
[2026-05-17T21:24:47.950] [DEBUG] debug-file - Current resident worker size: 5.
[2026-05-17T21:24:47.950] [DEBUG] debug-file - Cleanup worker 21.
[2026-05-17T21:24:47.950] [DEBUG] debug-file - Worker 21 has been cleaned up.
[2026-05-17T21:24:47.950] [DEBUG] debug-file - Current idle worker size: 1.
[2026-05-17T21:24:47.950] [DEBUG] debug-file - Current resident worker size: 5.
[2026-05-17T21:24:47.951] [DEBUG] debug-file - hvigor build process will be closed.
[2026-05-17T21:24:47.953] [DEBUG] debug-file - session manager: send message to worker process.
[2026-05-17T21:24:47.954] [DEBUG] debug-file - session manager: send message to worker process.
[2026-05-17T21:24:47.952] [DEBUG] debug-file - java daemon socket close code:1000 reason:close by user
[2026-05-17T21:24:47.953] [DEBUG] debug-file - worker[0] exits with exit code 1.
[2026-05-17T21:24:47.954] [DEBUG] debug-file - worker[1] exits with exit code 1.
[2026-05-17T21:24:47.954] [DEBUG] debug-file - watch worker: worker id should be larger than 0. Nothing will be sent to any worker thread.
[2026-05-17T21:24:47.954] [DEBUG] debug-file - watch worker: worker id should be larger than 0. Nothing will be sent to any worker thread.
[2026-05-17T21:24:47.961] [DEBUG] debug-file - worker[22] exits with exit code 1.
[2026-05-17T21:24:47.962] [DEBUG] debug-file - worker[21] exits with exit code 1.
